// Jest Snapshot v1, https://goo.gl/fbAQLP

exports[`renders without crashing 1`] = `
ShallowWrapper {
  "length": 1,
  Symbol(enzyme.__root__): [Circular],
  Symbol(enzyme.__unrendered__): <Unknown />,
  Symbol(enzyme.__renderer__): Object {
    "batchedUpdates": [Function],
    "getNode": [Function],
    "render": [Function],
    "simulateEvent": [Function],
    "unmount": [Function],
  },
  Symbol(enzyme.__node__): Object {
    "instance": null,
    "key": undefined,
    "nodeType": "host",
    "props": Object {
      "children": <article
        className="eventsHeroTextBox"
>
        <h1>
                We plan your day for you
        </h1>
        <h4>
                <span>
                        Select an event. Choose a type of restaurant and bar. We will do the rest.
                </span>
        </h4>
</article>,
      "className": "eventsHeroContainer",
    },
    "ref": null,
    "rendered": Object {
      "instance": null,
      "key": undefined,
      "nodeType": "host",
      "props": Object {
        "children": Array [
          <h1>
            We plan your day for you
</h1>,
          <h4>
            <span>
                        Select an event. Choose a type of restaurant and bar. We will do the rest.
            </span>
</h4>,
        ],
        "className": "eventsHeroTextBox",
      },
      "ref": null,
      "rendered": Array [
        Object {
          "instance": null,
          "key": undefined,
          "nodeType": "host",
          "props": Object {
            "children": "We plan your day for you",
          },
          "ref": null,
          "rendered": "We plan your day for you",
          "type": "h1",
        },
        Object {
          "instance": null,
          "key": undefined,
          "nodeType": "host",
          "props": Object {
            "children": <span>
              Select an event. Choose a type of restaurant and bar. We will do the rest.
</span>,
          },
          "ref": null,
          "rendered": Object {
            "instance": null,
            "key": undefined,
            "nodeType": "host",
            "props": Object {
              "children": "Select an event. Choose a type of restaurant and bar. We will do the rest.",
            },
            "ref": null,
            "rendered": "Select an event. Choose a type of restaurant and bar. We will do the rest.",
            "type": "span",
          },
          "type": "h4",
        },
      ],
      "type": "article",
    },
    "type": "div",
  },
  Symbol(enzyme.__nodes__): Array [
    Object {
      "instance": null,
      "key": undefined,
      "nodeType": "host",
      "props": Object {
        "children": <article
          className="eventsHeroTextBox"
>
          <h1>
                    We plan your day for you
          </h1>
          <h4>
                    <span>
                              Select an event. Choose a type of restaurant and bar. We will do the rest.
                    </span>
          </h4>
</article>,
        "className": "eventsHeroContainer",
      },
      "ref": null,
      "rendered": Object {
        "instance": null,
        "key": undefined,
        "nodeType": "host",
        "props": Object {
          "children": Array [
            <h1>
              We plan your day for you
</h1>,
            <h4>
              <span>
                            Select an event. Choose a type of restaurant and bar. We will do the rest.
              </span>
</h4>,
          ],
          "className": "eventsHeroTextBox",
        },
        "ref": null,
        "rendered": Array [
          Object {
            "instance": null,
            "key": undefined,
            "nodeType": "host",
            "props": Object {
              "children": "We plan your day for you",
            },
            "ref": null,
            "rendered": "We plan your day for you",
            "type": "h1",
          },
          Object {
            "instance": null,
            "key": undefined,
            "nodeType": "host",
            "props": Object {
              "children": <span>
                Select an event. Choose a type of restaurant and bar. We will do the rest.
</span>,
            },
            "ref": null,
            "rendered": Object {
              "instance": null,
              "key": undefined,
              "nodeType": "host",
              "props": Object {
                "children": "Select an event. Choose a type of restaurant and bar. We will do the rest.",
              },
              "ref": null,
              "rendered": "Select an event. Choose a type of restaurant and bar. We will do the rest.",
              "type": "span",
            },
            "type": "h4",
          },
        ],
        "type": "article",
      },
      "type": "div",
    },
  ],
  Symbol(enzyme.__options__): Object {
    "adapter": ReactSixteenAdapter {
      "options": Object {
        "enableComponentDidUpdateOnSetState": true,
      },
    },
  },
}
`;
