// Jest Snapshot v1, https://goo.gl/fbAQLP

exports[`should match the snapshot 1`] = `
ShallowWrapper {
  "length": 1,
  Symbol(enzyme.__root__): [Circular],
  Symbol(enzyme.__unrendered__): <Events
    events={
        Array [
            Object {
              "date": "2018-05-30 8:00 PM",
              "image": "https://s1.ticketm.allswifty.jpg",
              "price": "$300",
              "title": "T Swift",
              "venue": "Boulder Theater",
            },
          ]
    }
/>,
  Symbol(enzyme.__renderer__): Object {
    "batchedUpdates": [Function],
    "getNode": [Function],
    "render": [Function],
    "simulateEvent": [Function],
    "unmount": [Function],
  },
  Symbol(enzyme.__node__): Object {
    "instance": null,
    "key": undefined,
    "nodeType": "host",
    "props": Object {
      "children": Array [
        <Unknown />,
        <div
          className="eventsStopsSelection"
>
          <EventsSearch />
          <Unknown />
</div>,
        <section
          className="recentEvents"
>
          <Unknown
                    date="2018-05-30 8:00 PM"
                    image="https://s1.ticketm.allswifty.jpg"
                    price="$300"
                    title="T Swift"
                    venue="Boulder Theater"
          />
</section>,
      ],
      "className": "eventsContainer",
    },
    "ref": null,
    "rendered": Array [
      Object {
        "instance": null,
        "key": undefined,
        "nodeType": "function",
        "props": Object {},
        "ref": null,
        "rendered": null,
        "type": [Function],
      },
      Object {
        "instance": null,
        "key": undefined,
        "nodeType": "host",
        "props": Object {
          "children": Array [
            <EventsSearch />,
            <Unknown />,
          ],
          "className": "eventsStopsSelection",
        },
        "ref": null,
        "rendered": Array [
          Object {
            "instance": null,
            "key": undefined,
            "nodeType": "class",
            "props": Object {},
            "ref": null,
            "rendered": null,
            "type": [Function],
          },
          Object {
            "instance": null,
            "key": undefined,
            "nodeType": "function",
            "props": Object {},
            "ref": null,
            "rendered": null,
            "type": [Function],
          },
        ],
        "type": "div",
      },
      Object {
        "instance": null,
        "key": undefined,
        "nodeType": "host",
        "props": Object {
          "children": Array [
            <Unknown
              date="2018-05-30 8:00 PM"
              image="https://s1.ticketm.allswifty.jpg"
              price="$300"
              title="T Swift"
              venue="Boulder Theater"
/>,
          ],
          "className": "recentEvents",
        },
        "ref": null,
        "rendered": Array [
          Object {
            "instance": null,
            "key": "0",
            "nodeType": "function",
            "props": Object {
              "date": "2018-05-30 8:00 PM",
              "image": "https://s1.ticketm.allswifty.jpg",
              "price": "$300",
              "title": "T Swift",
              "venue": "Boulder Theater",
            },
            "ref": null,
            "rendered": null,
            "type": [Function],
          },
        ],
        "type": "section",
      },
    ],
    "type": "div",
  },
  Symbol(enzyme.__nodes__): Array [
    Object {
      "instance": null,
      "key": undefined,
      "nodeType": "host",
      "props": Object {
        "children": Array [
          <Unknown />,
          <div
            className="eventsStopsSelection"
>
            <EventsSearch />
            <Unknown />
</div>,
          <section
            className="recentEvents"
>
            <Unknown
                        date="2018-05-30 8:00 PM"
                        image="https://s1.ticketm.allswifty.jpg"
                        price="$300"
                        title="T Swift"
                        venue="Boulder Theater"
            />
</section>,
        ],
        "className": "eventsContainer",
      },
      "ref": null,
      "rendered": Array [
        Object {
          "instance": null,
          "key": undefined,
          "nodeType": "function",
          "props": Object {},
          "ref": null,
          "rendered": null,
          "type": [Function],
        },
        Object {
          "instance": null,
          "key": undefined,
          "nodeType": "host",
          "props": Object {
            "children": Array [
              <EventsSearch />,
              <Unknown />,
            ],
            "className": "eventsStopsSelection",
          },
          "ref": null,
          "rendered": Array [
            Object {
              "instance": null,
              "key": undefined,
              "nodeType": "class",
              "props": Object {},
              "ref": null,
              "rendered": null,
              "type": [Function],
            },
            Object {
              "instance": null,
              "key": undefined,
              "nodeType": "function",
              "props": Object {},
              "ref": null,
              "rendered": null,
              "type": [Function],
            },
          ],
          "type": "div",
        },
        Object {
          "instance": null,
          "key": undefined,
          "nodeType": "host",
          "props": Object {
            "children": Array [
              <Unknown
                date="2018-05-30 8:00 PM"
                image="https://s1.ticketm.allswifty.jpg"
                price="$300"
                title="T Swift"
                venue="Boulder Theater"
/>,
            ],
            "className": "recentEvents",
          },
          "ref": null,
          "rendered": Array [
            Object {
              "instance": null,
              "key": "0",
              "nodeType": "function",
              "props": Object {
                "date": "2018-05-30 8:00 PM",
                "image": "https://s1.ticketm.allswifty.jpg",
                "price": "$300",
                "title": "T Swift",
                "venue": "Boulder Theater",
              },
              "ref": null,
              "rendered": null,
              "type": [Function],
            },
          ],
          "type": "section",
        },
      ],
      "type": "div",
    },
  ],
  Symbol(enzyme.__options__): Object {
    "adapter": ReactSixteenAdapter {
      "options": Object {
        "enableComponentDidUpdateOnSetState": true,
      },
    },
  },
}
`;
