// Jest Snapshot v1, https://goo.gl/fbAQLP

exports[`renders without crashing 1`] = `
ShallowWrapper {
  "length": 1,
  Symbol(enzyme.__root__): [Circular],
  Symbol(enzyme.__unrendered__): <Unknown />,
  Symbol(enzyme.__renderer__): Object {
    "batchedUpdates": [Function],
    "getNode": [Function],
    "render": [Function],
    "simulateEvent": [Function],
    "unmount": [Function],
  },
  Symbol(enzyme.__node__): Object {
    "instance": null,
    "key": undefined,
    "nodeType": "host",
    "props": Object {
      "children": Array [
        <img
          alt="Header logo"
          className="headerLogo"
          src="header-logo.jpg"
/>,
        <nav>
          <NavLink
                    activeClassName="active"
                    ariaCurrent="true"
                    to="/events"
          >
                    Events
          </NavLink>
          <NavLink
                    activeClassName="active"
                    ariaCurrent="true"
                    to="/trips"
          >
                    Trips
          </NavLink>
          <NavLink
                    activeClassName="active"
                    ariaCurrent="true"
                    to="/account"
          >
                    Account
          </NavLink>
          <div
                    className="loginLink"
          >
                    <img
                              alt="Login icon"
                              className="loginIcon"
                              src="header-login-icon.jpg"
                    />
                    <NavLink
                              activeClassName="active"
                              ariaCurrent="true"
                              className="navLogin"
                              to="/login"
                    >
                              Login
                    </NavLink>
          </div>
</nav>,
      ],
    },
    "ref": null,
    "rendered": Array [
      Object {
        "instance": null,
        "key": undefined,
        "nodeType": "host",
        "props": Object {
          "alt": "Header logo",
          "className": "headerLogo",
          "src": "header-logo.jpg",
        },
        "ref": null,
        "rendered": null,
        "type": "img",
      },
      Object {
        "instance": null,
        "key": undefined,
        "nodeType": "host",
        "props": Object {
          "children": Array [
            <NavLink
              activeClassName="active"
              ariaCurrent="true"
              to="/events"
>
              Events
</NavLink>,
            <NavLink
              activeClassName="active"
              ariaCurrent="true"
              to="/trips"
>
              Trips
</NavLink>,
            <NavLink
              activeClassName="active"
              ariaCurrent="true"
              to="/account"
>
              Account
</NavLink>,
            <div
              className="loginLink"
>
              <img
                            alt="Login icon"
                            className="loginIcon"
                            src="header-login-icon.jpg"
              />
              <NavLink
                            activeClassName="active"
                            ariaCurrent="true"
                            className="navLogin"
                            to="/login"
              >
                            Login
              </NavLink>
</div>,
          ],
        },
        "ref": null,
        "rendered": Array [
          Object {
            "instance": null,
            "key": undefined,
            "nodeType": "function",
            "props": Object {
              "activeClassName": "active",
              "ariaCurrent": "true",
              "children": "Events",
              "to": "/events",
            },
            "ref": null,
            "rendered": "Events",
            "type": [Function],
          },
          Object {
            "instance": null,
            "key": undefined,
            "nodeType": "function",
            "props": Object {
              "activeClassName": "active",
              "ariaCurrent": "true",
              "children": "Trips",
              "to": "/trips",
            },
            "ref": null,
            "rendered": "Trips",
            "type": [Function],
          },
          Object {
            "instance": null,
            "key": undefined,
            "nodeType": "function",
            "props": Object {
              "activeClassName": "active",
              "ariaCurrent": "true",
              "children": "Account",
              "to": "/account",
            },
            "ref": null,
            "rendered": "Account",
            "type": [Function],
          },
          Object {
            "instance": null,
            "key": undefined,
            "nodeType": "host",
            "props": Object {
              "children": Array [
                <img
                  alt="Login icon"
                  className="loginIcon"
                  src="header-login-icon.jpg"
/>,
                <NavLink
                  activeClassName="active"
                  ariaCurrent="true"
                  className="navLogin"
                  to="/login"
>
                  Login
</NavLink>,
              ],
              "className": "loginLink",
            },
            "ref": null,
            "rendered": Array [
              Object {
                "instance": null,
                "key": undefined,
                "nodeType": "host",
                "props": Object {
                  "alt": "Login icon",
                  "className": "loginIcon",
                  "src": "header-login-icon.jpg",
                },
                "ref": null,
                "rendered": null,
                "type": "img",
              },
              Object {
                "instance": null,
                "key": undefined,
                "nodeType": "function",
                "props": Object {
                  "activeClassName": "active",
                  "ariaCurrent": "true",
                  "children": "Login",
                  "className": "navLogin",
                  "to": "/login",
                },
                "ref": null,
                "rendered": "Login",
                "type": [Function],
              },
            ],
            "type": "div",
          },
        ],
        "type": "nav",
      },
    ],
    "type": "header",
  },
  Symbol(enzyme.__nodes__): Array [
    Object {
      "instance": null,
      "key": undefined,
      "nodeType": "host",
      "props": Object {
        "children": Array [
          <img
            alt="Header logo"
            className="headerLogo"
            src="header-logo.jpg"
/>,
          <nav>
            <NavLink
                        activeClassName="active"
                        ariaCurrent="true"
                        to="/events"
            >
                        Events
            </NavLink>
            <NavLink
                        activeClassName="active"
                        ariaCurrent="true"
                        to="/trips"
            >
                        Trips
            </NavLink>
            <NavLink
                        activeClassName="active"
                        ariaCurrent="true"
                        to="/account"
            >
                        Account
            </NavLink>
            <div
                        className="loginLink"
            >
                        <img
                                    alt="Login icon"
                                    className="loginIcon"
                                    src="header-login-icon.jpg"
                        />
                        <NavLink
                                    activeClassName="active"
                                    ariaCurrent="true"
                                    className="navLogin"
                                    to="/login"
                        >
                                    Login
                        </NavLink>
            </div>
</nav>,
        ],
      },
      "ref": null,
      "rendered": Array [
        Object {
          "instance": null,
          "key": undefined,
          "nodeType": "host",
          "props": Object {
            "alt": "Header logo",
            "className": "headerLogo",
            "src": "header-logo.jpg",
          },
          "ref": null,
          "rendered": null,
          "type": "img",
        },
        Object {
          "instance": null,
          "key": undefined,
          "nodeType": "host",
          "props": Object {
            "children": Array [
              <NavLink
                activeClassName="active"
                ariaCurrent="true"
                to="/events"
>
                Events
</NavLink>,
              <NavLink
                activeClassName="active"
                ariaCurrent="true"
                to="/trips"
>
                Trips
</NavLink>,
              <NavLink
                activeClassName="active"
                ariaCurrent="true"
                to="/account"
>
                Account
</NavLink>,
              <div
                className="loginLink"
>
                <img
                                alt="Login icon"
                                className="loginIcon"
                                src="header-login-icon.jpg"
                />
                <NavLink
                                activeClassName="active"
                                ariaCurrent="true"
                                className="navLogin"
                                to="/login"
                >
                                Login
                </NavLink>
</div>,
            ],
          },
          "ref": null,
          "rendered": Array [
            Object {
              "instance": null,
              "key": undefined,
              "nodeType": "function",
              "props": Object {
                "activeClassName": "active",
                "ariaCurrent": "true",
                "children": "Events",
                "to": "/events",
              },
              "ref": null,
              "rendered": "Events",
              "type": [Function],
            },
            Object {
              "instance": null,
              "key": undefined,
              "nodeType": "function",
              "props": Object {
                "activeClassName": "active",
                "ariaCurrent": "true",
                "children": "Trips",
                "to": "/trips",
              },
              "ref": null,
              "rendered": "Trips",
              "type": [Function],
            },
            Object {
              "instance": null,
              "key": undefined,
              "nodeType": "function",
              "props": Object {
                "activeClassName": "active",
                "ariaCurrent": "true",
                "children": "Account",
                "to": "/account",
              },
              "ref": null,
              "rendered": "Account",
              "type": [Function],
            },
            Object {
              "instance": null,
              "key": undefined,
              "nodeType": "host",
              "props": Object {
                "children": Array [
                  <img
                    alt="Login icon"
                    className="loginIcon"
                    src="header-login-icon.jpg"
/>,
                  <NavLink
                    activeClassName="active"
                    ariaCurrent="true"
                    className="navLogin"
                    to="/login"
>
                    Login
</NavLink>,
                ],
                "className": "loginLink",
              },
              "ref": null,
              "rendered": Array [
                Object {
                  "instance": null,
                  "key": undefined,
                  "nodeType": "host",
                  "props": Object {
                    "alt": "Login icon",
                    "className": "loginIcon",
                    "src": "header-login-icon.jpg",
                  },
                  "ref": null,
                  "rendered": null,
                  "type": "img",
                },
                Object {
                  "instance": null,
                  "key": undefined,
                  "nodeType": "function",
                  "props": Object {
                    "activeClassName": "active",
                    "ariaCurrent": "true",
                    "children": "Login",
                    "className": "navLogin",
                    "to": "/login",
                  },
                  "ref": null,
                  "rendered": "Login",
                  "type": [Function],
                },
              ],
              "type": "div",
            },
          ],
          "type": "nav",
        },
      ],
      "type": "header",
    },
  ],
  Symbol(enzyme.__options__): Object {
    "adapter": ReactSixteenAdapter {
      "options": Object {
        "enableComponentDidUpdateOnSetState": true,
      },
    },
  },
}
`;
