// Jest Snapshot v1, https://goo.gl/fbAQLP

exports[`SelectedEvent should match the snapshot 1`] = `
ShallowWrapper {
  "length": 1,
  Symbol(enzyme.__root__): [Circular],
  Symbol(enzyme.__unrendered__): <SelectedEvent
    selectedEvent={
        Object {
            "image": "http://allswifty.jpg",
          }
    }
/>,
  Symbol(enzyme.__renderer__): Object {
    "batchedUpdates": [Function],
    "getNode": [Function],
    "render": [Function],
    "simulateEvent": [Function],
    "unmount": [Function],
  },
  Symbol(enzyme.__node__): Object {
    "instance": null,
    "key": undefined,
    "nodeType": "host",
    "props": Object {
      "children": <div
        className="selectedContainer"
>
        <div
                className="selectedImage"
                style={
                        Object {
                                "backgroundImage": "url(http://allswifty.jpg)",
                              }
                }
        />
        <div
                className="selectedTitle"
        >
                <h3 />
                <p>
                        Your selected event
                </p>
        </div>
        <div
                className="selectedInfo"
        >
                <p
                        className="selectedPrice"
                />
                <span>
                        <p
                                className="selectedVenue"
                        />
                        <p
                                className="selectedDate"
                        />
                </span>
        </div>
</div>,
      "className": "selectedEvent",
    },
    "ref": null,
    "rendered": Object {
      "instance": null,
      "key": undefined,
      "nodeType": "host",
      "props": Object {
        "children": Array [
          <div
            className="selectedImage"
            style={
                        Object {
                                    "backgroundImage": "url(http://allswifty.jpg)",
                                  }
            }
/>,
          <div
            className="selectedTitle"
>
            <h3 />
            <p>
                        Your selected event
            </p>
</div>,
          <div
            className="selectedInfo"
>
            <p
                        className="selectedPrice"
            />
            <span>
                        <p
                                    className="selectedVenue"
                        />
                        <p
                                    className="selectedDate"
                        />
            </span>
</div>,
        ],
        "className": "selectedContainer",
      },
      "ref": null,
      "rendered": Array [
        Object {
          "instance": null,
          "key": undefined,
          "nodeType": "host",
          "props": Object {
            "className": "selectedImage",
            "style": Object {
              "backgroundImage": "url(http://allswifty.jpg)",
            },
          },
          "ref": null,
          "rendered": null,
          "type": "div",
        },
        Object {
          "instance": null,
          "key": undefined,
          "nodeType": "host",
          "props": Object {
            "children": Array [
              <h3 />,
              <p>
                Your selected event
</p>,
            ],
            "className": "selectedTitle",
          },
          "ref": null,
          "rendered": Array [
            Object {
              "instance": null,
              "key": undefined,
              "nodeType": "host",
              "props": Object {
                "children": undefined,
              },
              "ref": null,
              "rendered": null,
              "type": "h3",
            },
            Object {
              "instance": null,
              "key": undefined,
              "nodeType": "host",
              "props": Object {
                "children": "Your selected event",
              },
              "ref": null,
              "rendered": "Your selected event",
              "type": "p",
            },
          ],
          "type": "div",
        },
        Object {
          "instance": null,
          "key": undefined,
          "nodeType": "host",
          "props": Object {
            "children": Array [
              <p
                className="selectedPrice"
/>,
              <span>
                <p
                                className="selectedVenue"
                />
                <p
                                className="selectedDate"
                />
</span>,
            ],
            "className": "selectedInfo",
          },
          "ref": null,
          "rendered": Array [
            Object {
              "instance": null,
              "key": undefined,
              "nodeType": "host",
              "props": Object {
                "children": undefined,
                "className": "selectedPrice",
              },
              "ref": null,
              "rendered": null,
              "type": "p",
            },
            Object {
              "instance": null,
              "key": undefined,
              "nodeType": "host",
              "props": Object {
                "children": Array [
                  <p
                    className="selectedVenue"
/>,
                  <p
                    className="selectedDate"
/>,
                ],
              },
              "ref": null,
              "rendered": Array [
                Object {
                  "instance": null,
                  "key": undefined,
                  "nodeType": "host",
                  "props": Object {
                    "children": undefined,
                    "className": "selectedVenue",
                  },
                  "ref": null,
                  "rendered": null,
                  "type": "p",
                },
                Object {
                  "instance": null,
                  "key": undefined,
                  "nodeType": "host",
                  "props": Object {
                    "children": undefined,
                    "className": "selectedDate",
                  },
                  "ref": null,
                  "rendered": null,
                  "type": "p",
                },
              ],
              "type": "span",
            },
          ],
          "type": "div",
        },
      ],
      "type": "div",
    },
    "type": "div",
  },
  Symbol(enzyme.__nodes__): Array [
    Object {
      "instance": null,
      "key": undefined,
      "nodeType": "host",
      "props": Object {
        "children": <div
          className="selectedContainer"
>
          <div
                    className="selectedImage"
                    style={
                              Object {
                                        "backgroundImage": "url(http://allswifty.jpg)",
                                      }
                    }
          />
          <div
                    className="selectedTitle"
          >
                    <h3 />
                    <p>
                              Your selected event
                    </p>
          </div>
          <div
                    className="selectedInfo"
          >
                    <p
                              className="selectedPrice"
                    />
                    <span>
                              <p
                                        className="selectedVenue"
                              />
                              <p
                                        className="selectedDate"
                              />
                    </span>
          </div>
</div>,
        "className": "selectedEvent",
      },
      "ref": null,
      "rendered": Object {
        "instance": null,
        "key": undefined,
        "nodeType": "host",
        "props": Object {
          "children": Array [
            <div
              className="selectedImage"
              style={
                            Object {
                                          "backgroundImage": "url(http://allswifty.jpg)",
                                        }
              }
/>,
            <div
              className="selectedTitle"
>
              <h3 />
              <p>
                            Your selected event
              </p>
</div>,
            <div
              className="selectedInfo"
>
              <p
                            className="selectedPrice"
              />
              <span>
                            <p
                                          className="selectedVenue"
                            />
                            <p
                                          className="selectedDate"
                            />
              </span>
</div>,
          ],
          "className": "selectedContainer",
        },
        "ref": null,
        "rendered": Array [
          Object {
            "instance": null,
            "key": undefined,
            "nodeType": "host",
            "props": Object {
              "className": "selectedImage",
              "style": Object {
                "backgroundImage": "url(http://allswifty.jpg)",
              },
            },
            "ref": null,
            "rendered": null,
            "type": "div",
          },
          Object {
            "instance": null,
            "key": undefined,
            "nodeType": "host",
            "props": Object {
              "children": Array [
                <h3 />,
                <p>
                  Your selected event
</p>,
              ],
              "className": "selectedTitle",
            },
            "ref": null,
            "rendered": Array [
              Object {
                "instance": null,
                "key": undefined,
                "nodeType": "host",
                "props": Object {
                  "children": undefined,
                },
                "ref": null,
                "rendered": null,
                "type": "h3",
              },
              Object {
                "instance": null,
                "key": undefined,
                "nodeType": "host",
                "props": Object {
                  "children": "Your selected event",
                },
                "ref": null,
                "rendered": "Your selected event",
                "type": "p",
              },
            ],
            "type": "div",
          },
          Object {
            "instance": null,
            "key": undefined,
            "nodeType": "host",
            "props": Object {
              "children": Array [
                <p
                  className="selectedPrice"
/>,
                <span>
                  <p
                                    className="selectedVenue"
                  />
                  <p
                                    className="selectedDate"
                  />
</span>,
              ],
              "className": "selectedInfo",
            },
            "ref": null,
            "rendered": Array [
              Object {
                "instance": null,
                "key": undefined,
                "nodeType": "host",
                "props": Object {
                  "children": undefined,
                  "className": "selectedPrice",
                },
                "ref": null,
                "rendered": null,
                "type": "p",
              },
              Object {
                "instance": null,
                "key": undefined,
                "nodeType": "host",
                "props": Object {
                  "children": Array [
                    <p
                      className="selectedVenue"
/>,
                    <p
                      className="selectedDate"
/>,
                  ],
                },
                "ref": null,
                "rendered": Array [
                  Object {
                    "instance": null,
                    "key": undefined,
                    "nodeType": "host",
                    "props": Object {
                      "children": undefined,
                      "className": "selectedVenue",
                    },
                    "ref": null,
                    "rendered": null,
                    "type": "p",
                  },
                  Object {
                    "instance": null,
                    "key": undefined,
                    "nodeType": "host",
                    "props": Object {
                      "children": undefined,
                      "className": "selectedDate",
                    },
                    "ref": null,
                    "rendered": null,
                    "type": "p",
                  },
                ],
                "type": "span",
              },
            ],
            "type": "div",
          },
        ],
        "type": "div",
      },
      "type": "div",
    },
  ],
  Symbol(enzyme.__options__): Object {
    "adapter": ReactSixteenAdapter {
      "options": Object {
        "enableComponentDidUpdateOnSetState": true,
      },
    },
  },
}
`;
