// Jest Snapshot v1, https://goo.gl/fbAQLP

exports[`Stop should match the snapshot 1`] = `
ShallowWrapper {
  "length": 1,
  Symbol(enzyme.__root__): [Circular],
  Symbol(enzyme.__unrendered__): <Stop
    type="bar"
/>,
  Symbol(enzyme.__renderer__): Object {
    "batchedUpdates": [Function],
    "getNode": [Function],
    "render": [Function],
    "simulateEvent": [Function],
    "unmount": [Function],
  },
  Symbol(enzyme.__node__): Object {
    "instance": null,
    "key": undefined,
    "nodeType": "host",
    "props": Object {
      "children": Array [
        <div
          className="stopImage"
          style={
                    Object {
                              "backgroundImage": "url(undefined)",
                            }
          }
/>,
        <div
          className="stopInfo"
>
          <h2 />
          <p
                    className="location"
          />
          <div
                    className="reviewContainer"
          >
                    <div
                              className="stars"
                    >
                              <div>
                                        <img
                                                  src="stars-gray.png"
                                        />
                              </div>
                              <div
                                        className="redStars"
                                        style={
                                                  Object {
                                                            "width": "NaN%",
                                                          }
                                        }
                              >
                                        <img
                                                  src="stars-red.png"
                                        />
                              </div>
                    </div>
                    <p
                              className="reviewCount"
                    >
                               reviews
                    </p>
          </div>
          <p
                    className="price"
          />
</div>,
      ],
      "className": "bar-undefined",
    },
    "ref": null,
    "rendered": Array [
      Object {
        "instance": null,
        "key": undefined,
        "nodeType": "host",
        "props": Object {
          "className": "stopImage",
          "style": Object {
            "backgroundImage": "url(undefined)",
          },
        },
        "ref": null,
        "rendered": null,
        "type": "div",
      },
      Object {
        "instance": null,
        "key": undefined,
        "nodeType": "host",
        "props": Object {
          "children": Array [
            <h2 />,
            <p
              className="location"
/>,
            <div
              className="reviewContainer"
>
              <div
                            className="stars"
              >
                            <div>
                                          <img
                                                        src="stars-gray.png"
                                          />
                            </div>
                            <div
                                          className="redStars"
                                          style={
                                                        Object {
                                                                      "width": "NaN%",
                                                                    }
                                          }
                            >
                                          <img
                                                        src="stars-red.png"
                                          />
                            </div>
              </div>
              <p
                            className="reviewCount"
              >
                             reviews
              </p>
</div>,
            <p
              className="price"
/>,
          ],
          "className": "stopInfo",
        },
        "ref": null,
        "rendered": Array [
          Object {
            "instance": null,
            "key": undefined,
            "nodeType": "host",
            "props": Object {
              "children": undefined,
            },
            "ref": null,
            "rendered": null,
            "type": "h2",
          },
          Object {
            "instance": null,
            "key": undefined,
            "nodeType": "host",
            "props": Object {
              "children": undefined,
              "className": "location",
            },
            "ref": null,
            "rendered": null,
            "type": "p",
          },
          Object {
            "instance": null,
            "key": undefined,
            "nodeType": "host",
            "props": Object {
              "children": Array [
                <div
                  className="stars"
>
                  <div>
                                    <img
                                                      src="stars-gray.png"
                                    />
                  </div>
                  <div
                                    className="redStars"
                                    style={
                                                      Object {
                                                                        "width": "NaN%",
                                                                      }
                                    }
                  >
                                    <img
                                                      src="stars-red.png"
                                    />
                  </div>
</div>,
                <p
                  className="reviewCount"
>
                   reviews
</p>,
              ],
              "className": "reviewContainer",
            },
            "ref": null,
            "rendered": Array [
              Object {
                "instance": null,
                "key": undefined,
                "nodeType": "host",
                "props": Object {
                  "children": Array [
                    <div>
                      <img
                                            src="stars-gray.png"
                      />
</div>,
                    <div
                      className="redStars"
                      style={
                                            Object {
                                                                  "width": "NaN%",
                                                                }
                      }
>
                      <img
                                            src="stars-red.png"
                      />
</div>,
                  ],
                  "className": "stars",
                },
                "ref": null,
                "rendered": Array [
                  Object {
                    "instance": null,
                    "key": undefined,
                    "nodeType": "host",
                    "props": Object {
                      "children": <img
                        src="stars-gray.png"
/>,
                    },
                    "ref": null,
                    "rendered": Object {
                      "instance": null,
                      "key": undefined,
                      "nodeType": "host",
                      "props": Object {
                        "src": "stars-gray.png",
                      },
                      "ref": null,
                      "rendered": null,
                      "type": "img",
                    },
                    "type": "div",
                  },
                  Object {
                    "instance": null,
                    "key": undefined,
                    "nodeType": "host",
                    "props": Object {
                      "children": <img
                        src="stars-red.png"
/>,
                      "className": "redStars",
                      "style": Object {
                        "width": "NaN%",
                      },
                    },
                    "ref": null,
                    "rendered": Object {
                      "instance": null,
                      "key": undefined,
                      "nodeType": "host",
                      "props": Object {
                        "src": "stars-red.png",
                      },
                      "ref": null,
                      "rendered": null,
                      "type": "img",
                    },
                    "type": "div",
                  },
                ],
                "type": "div",
              },
              Object {
                "instance": null,
                "key": undefined,
                "nodeType": "host",
                "props": Object {
                  "children": Array [
                    undefined,
                    " reviews",
                  ],
                  "className": "reviewCount",
                },
                "ref": null,
                "rendered": Array [
                  undefined,
                  " reviews",
                ],
                "type": "p",
              },
            ],
            "type": "div",
          },
          Object {
            "instance": null,
            "key": undefined,
            "nodeType": "host",
            "props": Object {
              "children": undefined,
              "className": "price",
            },
            "ref": null,
            "rendered": null,
            "type": "p",
          },
        ],
        "type": "div",
      },
    ],
    "type": "article",
  },
  Symbol(enzyme.__nodes__): Array [
    Object {
      "instance": null,
      "key": undefined,
      "nodeType": "host",
      "props": Object {
        "children": Array [
          <div
            className="stopImage"
            style={
                        Object {
                                    "backgroundImage": "url(undefined)",
                                  }
            }
/>,
          <div
            className="stopInfo"
>
            <h2 />
            <p
                        className="location"
            />
            <div
                        className="reviewContainer"
            >
                        <div
                                    className="stars"
                        >
                                    <div>
                                                <img
                                                            src="stars-gray.png"
                                                />
                                    </div>
                                    <div
                                                className="redStars"
                                                style={
                                                            Object {
                                                                        "width": "NaN%",
                                                                      }
                                                }
                                    >
                                                <img
                                                            src="stars-red.png"
                                                />
                                    </div>
                        </div>
                        <p
                                    className="reviewCount"
                        >
                                     reviews
                        </p>
            </div>
            <p
                        className="price"
            />
</div>,
        ],
        "className": "bar-undefined",
      },
      "ref": null,
      "rendered": Array [
        Object {
          "instance": null,
          "key": undefined,
          "nodeType": "host",
          "props": Object {
            "className": "stopImage",
            "style": Object {
              "backgroundImage": "url(undefined)",
            },
          },
          "ref": null,
          "rendered": null,
          "type": "div",
        },
        Object {
          "instance": null,
          "key": undefined,
          "nodeType": "host",
          "props": Object {
            "children": Array [
              <h2 />,
              <p
                className="location"
/>,
              <div
                className="reviewContainer"
>
                <div
                                className="stars"
                >
                                <div>
                                                <img
                                                                src="stars-gray.png"
                                                />
                                </div>
                                <div
                                                className="redStars"
                                                style={
                                                                Object {
                                                                                "width": "NaN%",
                                                                              }
                                                }
                                >
                                                <img
                                                                src="stars-red.png"
                                                />
                                </div>
                </div>
                <p
                                className="reviewCount"
                >
                                 reviews
                </p>
</div>,
              <p
                className="price"
/>,
            ],
            "className": "stopInfo",
          },
          "ref": null,
          "rendered": Array [
            Object {
              "instance": null,
              "key": undefined,
              "nodeType": "host",
              "props": Object {
                "children": undefined,
              },
              "ref": null,
              "rendered": null,
              "type": "h2",
            },
            Object {
              "instance": null,
              "key": undefined,
              "nodeType": "host",
              "props": Object {
                "children": undefined,
                "className": "location",
              },
              "ref": null,
              "rendered": null,
              "type": "p",
            },
            Object {
              "instance": null,
              "key": undefined,
              "nodeType": "host",
              "props": Object {
                "children": Array [
                  <div
                    className="stars"
>
                    <div>
                                        <img
                                                            src="stars-gray.png"
                                        />
                    </div>
                    <div
                                        className="redStars"
                                        style={
                                                            Object {
                                                                                "width": "NaN%",
                                                                              }
                                        }
                    >
                                        <img
                                                            src="stars-red.png"
                                        />
                    </div>
</div>,
                  <p
                    className="reviewCount"
>
                     reviews
</p>,
                ],
                "className": "reviewContainer",
              },
              "ref": null,
              "rendered": Array [
                Object {
                  "instance": null,
                  "key": undefined,
                  "nodeType": "host",
                  "props": Object {
                    "children": Array [
                      <div>
                        <img
                                                src="stars-gray.png"
                        />
</div>,
                      <div
                        className="redStars"
                        style={
                                                Object {
                                                                        "width": "NaN%",
                                                                      }
                        }
>
                        <img
                                                src="stars-red.png"
                        />
</div>,
                    ],
                    "className": "stars",
                  },
                  "ref": null,
                  "rendered": Array [
                    Object {
                      "instance": null,
                      "key": undefined,
                      "nodeType": "host",
                      "props": Object {
                        "children": <img
                          src="stars-gray.png"
/>,
                      },
                      "ref": null,
                      "rendered": Object {
                        "instance": null,
                        "key": undefined,
                        "nodeType": "host",
                        "props": Object {
                          "src": "stars-gray.png",
                        },
                        "ref": null,
                        "rendered": null,
                        "type": "img",
                      },
                      "type": "div",
                    },
                    Object {
                      "instance": null,
                      "key": undefined,
                      "nodeType": "host",
                      "props": Object {
                        "children": <img
                          src="stars-red.png"
/>,
                        "className": "redStars",
                        "style": Object {
                          "width": "NaN%",
                        },
                      },
                      "ref": null,
                      "rendered": Object {
                        "instance": null,
                        "key": undefined,
                        "nodeType": "host",
                        "props": Object {
                          "src": "stars-red.png",
                        },
                        "ref": null,
                        "rendered": null,
                        "type": "img",
                      },
                      "type": "div",
                    },
                  ],
                  "type": "div",
                },
                Object {
                  "instance": null,
                  "key": undefined,
                  "nodeType": "host",
                  "props": Object {
                    "children": Array [
                      undefined,
                      " reviews",
                    ],
                    "className": "reviewCount",
                  },
                  "ref": null,
                  "rendered": Array [
                    undefined,
                    " reviews",
                  ],
                  "type": "p",
                },
              ],
              "type": "div",
            },
            Object {
              "instance": null,
              "key": undefined,
              "nodeType": "host",
              "props": Object {
                "children": undefined,
                "className": "price",
              },
              "ref": null,
              "rendered": null,
              "type": "p",
            },
          ],
          "type": "div",
        },
      ],
      "type": "article",
    },
  ],
  Symbol(enzyme.__options__): Object {
    "adapter": ReactSixteenAdapter {
      "options": Object {
        "enableComponentDidUpdateOnSetState": true,
      },
    },
  },
}
`;
